// Jest Snapshot v1, https://goo.gl/fbAQLP

exports[`jest-style-transformer-sass example style extraction does not regress 1`] = `
".src-a-1rydrMvuBG {
  color: white;
}.src-h1-3-5U7Q0Yy8 {
  background: black;
}"
`;
